// Jest Snapshot v1, https://goo.gl/fbAQLP

exports[`<SignUpForm /> should render the SignUpForm Component correctly 1`] = `
<form
  aria-label="sign in form"
  autoComplete="off"
  className="row sign-up-form"
  name="sign-up-form"
  onSubmit={[Function]}
>
  <div
    className="col-sm-6 col-xs-12"
  >
    <label
      aria-label="first name"
      htmlFor="firstName"
    >
      First Name
    </label>
    <input
      autoComplete="off"
      id="firstName"
      name="firstName"
      onBlur={[Function]}
      onChange={[Function]}
      type="text"
    />
  </div>
  <div
    className="col-sm-6 col-xs-12"
  >
    <label
      aria-label="last name"
      htmlFor="lastName"
    >
      Last Name
    </label>
    <input
      autoComplete="off"
      id="lastName"
      name="lastName"
      onBlur={[Function]}
      onChange={[Function]}
      type="text"
    />
  </div>
  <div
    className="col-sm-6 col-xs-12"
  >
    <label
      aria-label="email"
      htmlFor="email"
    >
      Email
    </label>
    <input
      autoComplete="off"
      id="email"
      name="email"
      onBlur={[Function]}
      onChange={[Function]}
      type="email"
    />
  </div>
  <div
    className="col-sm-6 col-xs-12"
  >
    <label
      aria-label="mobile number"
      htmlFor="mobile"
    >
      Mobile
    </label>
    <input
      autoComplete="off"
      id="mobile"
      name="mobile"
      onBlur={[Function]}
      onChange={[Function]}
      type="number"
    />
  </div>
  <div
    className="col-sm-6 col-xs-12"
  >
    <label
      aria-label="occupation"
      htmlFor="occupation"
    >
      Occupation
    </label>
    <input
      autoComplete="off"
      id="occupation"
      name="occupation"
      onBlur={[Function]}
      onChange={[Function]}
      type="text"
    />
  </div>
  <div
    className="col-sm-6 col-xs-12"
  >
    <label
      aria-label="income"
      htmlFor="income"
    >
      Income
    </label>
    <select
      name="income"
      onBlur={[Function]}
      onChange={[Function]}
    >
      <option
        value=""
      >
        Select
      </option>
      <option
        value="belowOne"
      >
        below 1 Lac
      </option>
      <option
        value="oneToFive"
      >
        1 Lac to 5 Lac
      </option>
      <option
        value="fiveToTen"
      >
        5 Lac to 10 Lac
      </option>
      <option
        value="moreThanTen"
      >
        more than 10 Lac
      </option>
    </select>
  </div>
  <div
    className="col-sm-6 col-xs-12"
  >
    <label
      aria-label="aadhaar number"
      htmlFor="aadhaarNumber"
    >
      Aadhaar Number
    </label>
    <input
      autoComplete="off"
      id="aadhaarNumber"
      name="aadhaarNumber"
      onBlur={[Function]}
      onChange={[Function]}
      type="text"
    />
  </div>
  <div
    className="col-sm-6 col-xs-12"
  >
    <label
      aria-label="pan card number"
      htmlFor="panNumber"
    >
      Pan card Number
    </label>
    <input
      autoComplete="off"
      id="panNumber"
      name="panNumber"
      onBlur={[Function]}
      onChange={[Function]}
      type="text"
    />
  </div>
  <div
    className="col-sm-12 col-xs-12"
  >
    <label
      aria-label="government id"
      htmlFor="govtId"
    >
      Govt ID
    </label>
    <select
      name="govtId"
      onBlur={[Function]}
      onChange={[Function]}
    >
      <option
        value=""
      >
        Select
      </option>
      <option
        value="passport"
      >
        Passport
      </option>
      <option
        value="electionIdCard"
      >
        Election Commission ID Card
      </option>
    </select>
  </div>
  <div
    className="col-sm-6 col-xs-12"
  >
    <label
      aria-label="address"
      htmlFor="address"
    >
      Address
    </label>
    <input
      autoComplete="off"
      id="address"
      name="address"
      onBlur={[Function]}
      onChange={[Function]}
      type="text"
    />
  </div>
  <div
    className="col-sm-6 col-xs-12"
  >
    <label
      aria-label="city"
      htmlFor="city"
    >
      City
    </label>
    <input
      autoComplete="off"
      id="city"
      name="city"
      onBlur={[Function]}
      onChange={[Function]}
      type="text"
    />
  </div>
  <div
    className="col-sm-6 col-xs-12"
  >
    <label
      aria-label="state"
      htmlFor="state"
    >
      State
    </label>
    <input
      autoComplete="off"
      id="state"
      name="state"
      onBlur={[Function]}
      onChange={[Function]}
      type="text"
    />
  </div>
  <div
    className="col-sm-6 col-xs-12"
  >
    <label
      aria-label="postal code"
      htmlFor="postalCode"
    >
      Postal Code
    </label>
    <input
      autoComplete="off"
      id="postalCode"
      name="postalCode"
      onBlur={[Function]}
      onChange={[Function]}
      type="number"
    />
  </div>
  <div
    className="col-sm-6 col-xs-12"
  >
    <label
      aria-label="password"
      htmlFor="password"
    >
      Password
    </label>
    <input
      autoComplete="off"
      id="password"
      name="password"
      onBlur={[Function]}
      onChange={[Function]}
      type="password"
    />
  </div>
  <div
    className="col-sm-6 col-xs-12"
  >
    <label
      aria-label="confirm password"
      htmlFor="confirmPassword"
    >
      Confirm Password
    </label>
    <input
      autoComplete="off"
      id="confirmPassword"
      name="confirmPassword"
      onBlur={[Function]}
      onChange={[Function]}
      type="password"
    />
  </div>
  <div
    className="col-xs-12 form-action"
  >
    <Captcha
      setReCaptchaStatus={[Function]}
    />
  </div>
  <div
    className="col-xs-12 form-action"
  >
    <Button
      type="submit"
    >
      Sign Up
    </Button>
  </div>
  <div
    className="col-xs-12 sign-in-link"
  >
    <Link
      to="/"
    >
      Sign In
    </Link>
  </div>
</form>
`;
